[dotenv@17.3.1] injecting env (8) from .env -- tip: ΓÜÖ∩╕Å  write to custom object with { processEnv: myObject }
ERROR JSON: {
  "status": 404,
  "statusText": "Not Found"
}
ERROR TEXT: Error: [GoogleGenerativeAI Error]: Error fetching from https://generativelanguage.googleapis.com/v1beta/models/gemini-1.5-flash:generateContent: [404 Not Found] models/gemini-1.5-flash is not found for API version v1beta, or is not supported for generateContent. Call ListModels to see the list of available models and their supported methods.
