src/config/db.ts(1,30): error TS2307: Cannot find module '@prisma/client' or its corresponding type declarations.
src/config/env.ts(1,20): error TS2307: Cannot find module 'dotenv' or its corresponding type declarations.
